Analysis & Synthesis report for contador
Sat Apr 22 18:28:45 2023
Quartus Prime Version 20.1.0 Build 711 06/05/2020 SJ Lite Edition


---------------------
; Table of Contents ;
---------------------
  1. Legal Notice
  2. Analysis & Synthesis Summary
  3. Analysis & Synthesis Settings
  4. Parallel Compilation
  5. Analysis & Synthesis Source Files Read
  6. Analysis & Synthesis Resource Usage Summary
  7. Analysis & Synthesis Resource Utilization by Entity
  8. General Register Statistics
  9. Multiplexer Restructuring Statistics (Restructuring Performed)
 10. Parameter Settings for User Entity Instance: Top-level Entity: |contador
 11. Parameter Settings for User Entity Instance: registradorGenerico:LEDR07
 12. Parameter Settings for User Entity Instance: HEX:HEX_0|registradorGenerico:REG
 13. Parameter Settings for User Entity Instance: HEX:HEX_1|registradorGenerico:REG
 14. Parameter Settings for User Entity Instance: HEX:HEX_2|registradorGenerico:REG
 15. Parameter Settings for User Entity Instance: HEX:HEX_3|registradorGenerico:REG
 16. Parameter Settings for User Entity Instance: HEX:HEX_4|registradorGenerico:REG
 17. Parameter Settings for User Entity Instance: HEX:HEX_5|registradorGenerico:REG
 18. Parameter Settings for User Entity Instance: memoriaROM:ROM1
 19. Parameter Settings for User Entity Instance: memoriaRAM:RAM
 20. Parameter Settings for User Entity Instance: CPU:CPU
 21. Parameter Settings for User Entity Instance: CPU:CPU|muxGenerico2x1:MUX1
 22. Parameter Settings for User Entity Instance: CPU:CPU|muxGenerico4x1:MUXJMP
 23. Parameter Settings for User Entity Instance: CPU:CPU|registradorGenerico:REGA
 24. Parameter Settings for User Entity Instance: CPU:CPU|registradorGenerico:REGRET
 25. Parameter Settings for User Entity Instance: CPU:CPU|registradorFlag:REGFLAG
 26. Parameter Settings for User Entity Instance: CPU:CPU|registradorGenerico:PC
 27. Parameter Settings for User Entity Instance: CPU:CPU|somaConstante:incrementaPC
 28. Parameter Settings for User Entity Instance: CPU:CPU|ULASomaSubPassa:ULA1
 29. Port Connectivity Checks: "CPU:CPU|registradorGenerico:PC"
 30. Port Connectivity Checks: "CPU:CPU|registradorFlag:REGFLAG"
 31. Port Connectivity Checks: "CPU:CPU|registradorGenerico:REGRET"
 32. Port Connectivity Checks: "CPU:CPU|registradorGenerico:REGA"
 33. Port Connectivity Checks: "CPU:CPU|muxGenerico4x1:MUXJMP"
 34. Port Connectivity Checks: "CPU:CPU"
 35. Port Connectivity Checks: "decoder3x8:DECODER3X8Endereco"
 36. Port Connectivity Checks: "decoder3x8:DECODER3X8Bloco"
 37. Port Connectivity Checks: "buffer_3_state_8portas:FPGA_RESST"
 38. Port Connectivity Checks: "buffer_3_state_8portas:KEY3"
 39. Port Connectivity Checks: "buffer_3_state_8portas:KEY2"
 40. Port Connectivity Checks: "buffer_3_state_8portas:KEY1"
 41. Port Connectivity Checks: "flipflop:flipflopkey1"
 42. Port Connectivity Checks: "buffer_3_state_8portas:KEY0"
 43. Port Connectivity Checks: "flipflop:flipflopkey0"
 44. Port Connectivity Checks: "buffer_3_state_8portas:SW9"
 45. Port Connectivity Checks: "buffer_3_state_8portas:SW8"
 46. Port Connectivity Checks: "HEX:HEX_0|conversorHex7Seg:Hex7Seg"
 47. Port Connectivity Checks: "HEX:HEX_0|registradorGenerico:REG"
 48. Port Connectivity Checks: "flipflop:LED9"
 49. Port Connectivity Checks: "flipflop:LED8"
 50. Port Connectivity Checks: "registradorGenerico:LEDR07"
 51. Post-Synthesis Netlist Statistics for Top Partition
 52. Elapsed Time Per Partition
 53. Analysis & Synthesis Messages



----------------
; Legal Notice ;
----------------
Copyright (C) 2020  Intel Corporation. All rights reserved.
Your use of Intel Corporation's design tools, logic functions 
and other software and tools, and any partner logic 
functions, and any output files from any of the foregoing 
(including device programming or simulation files), and any 
associated documentation or information are expressly subject 
to the terms and conditions of the Intel Program License 
Subscription Agreement, the Intel Quartus Prime License Agreement,
the Intel FPGA IP License Agreement, or other applicable license
agreement, including, without limitation, that your use is for
the sole purpose of programming logic devices manufactured by
Intel and sold by Intel or its authorized distributors.  Please
refer to the applicable agreement for further details, at
https://fpgasoftware.intel.com/eula.



+-------------------------------------------------------------------------------+
; Analysis & Synthesis Summary                                                  ;
+---------------------------------+---------------------------------------------+
; Analysis & Synthesis Status     ; Successful - Sat Apr 22 18:28:45 2023       ;
; Quartus Prime Version           ; 20.1.0 Build 711 06/05/2020 SJ Lite Edition ;
; Revision Name                   ; contador                                    ;
; Top-level Entity Name           ; contador                                    ;
; Family                          ; Cyclone V                                   ;
; Logic utilization (in ALMs)     ; N/A                                         ;
; Total registers                 ; 577                                         ;
; Total pins                      ; 68                                          ;
; Total virtual pins              ; 0                                           ;
; Total block memory bits         ; 0                                           ;
; Total DSP Blocks                ; 0                                           ;
; Total HSSI RX PCSs              ; 0                                           ;
; Total HSSI PMA RX Deserializers ; 0                                           ;
; Total HSSI TX PCSs              ; 0                                           ;
; Total HSSI PMA TX Serializers   ; 0                                           ;
; Total PLLs                      ; 0                                           ;
; Total DLLs                      ; 0                                           ;
+---------------------------------+---------------------------------------------+


+---------------------------------------------------------------------------------------------------------------------------+
; Analysis & Synthesis Settings                                                                                             ;
+---------------------------------------------------------------------------------+--------------------+--------------------+
; Option                                                                          ; Setting            ; Default Value      ;
+---------------------------------------------------------------------------------+--------------------+--------------------+
; Device                                                                          ; 5CEBA4F23C7        ;                    ;
; Top-level entity name                                                           ; contador           ; contador           ;
; Family name                                                                     ; Cyclone V          ; Cyclone V          ;
; VHDL Show LMF Mapping Messages                                                  ; Off                ;                    ;
; VHDL Version                                                                    ; VHDL_2008          ; VHDL_1993          ;
; Use smart compilation                                                           ; Off                ; Off                ;
; Enable parallel Assembler and Timing Analyzer during compilation                ; On                 ; On                 ;
; Enable compact report table                                                     ; Off                ; Off                ;
; Restructure Multiplexers                                                        ; Auto               ; Auto               ;
; MLAB Add Timing Constraints For Mixed-Port Feed-Through Mode Setting Don't Care ; Off                ; Off                ;
; Create Debugging Nodes for IP Cores                                             ; Off                ; Off                ;
; Preserve fewer node names                                                       ; On                 ; On                 ;
; Intel FPGA IP Evaluation Mode                                                   ; Enable             ; Enable             ;
; Verilog Version                                                                 ; Verilog_2001       ; Verilog_2001       ;
; State Machine Processing                                                        ; Auto               ; Auto               ;
; Safe State Machine                                                              ; Off                ; Off                ;
; Extract Verilog State Machines                                                  ; On                 ; On                 ;
; Extract VHDL State Machines                                                     ; On                 ; On                 ;
; Ignore Verilog initial constructs                                               ; Off                ; Off                ;
; Iteration limit for constant Verilog loops                                      ; 5000               ; 5000               ;
; Iteration limit for non-constant Verilog loops                                  ; 250                ; 250                ;
; Add Pass-Through Logic to Inferred RAMs                                         ; On                 ; On                 ;
; Infer RAMs from Raw Logic                                                       ; On                 ; On                 ;
; Parallel Synthesis                                                              ; On                 ; On                 ;
; DSP Block Balancing                                                             ; Auto               ; Auto               ;
; NOT Gate Push-Back                                                              ; On                 ; On                 ;
; Power-Up Don't Care                                                             ; On                 ; On                 ;
; Remove Redundant Logic Cells                                                    ; Off                ; Off                ;
; Remove Duplicate Registers                                                      ; On                 ; On                 ;
; Ignore CARRY Buffers                                                            ; Off                ; Off                ;
; Ignore CASCADE Buffers                                                          ; Off                ; Off                ;
; Ignore GLOBAL Buffers                                                           ; Off                ; Off                ;
; Ignore ROW GLOBAL Buffers                                                       ; Off                ; Off                ;
; Ignore LCELL Buffers                                                            ; Off                ; Off                ;
; Ignore SOFT Buffers                                                             ; On                 ; On                 ;
; Limit AHDL Integers to 32 Bits                                                  ; Off                ; Off                ;
; Optimization Technique                                                          ; Balanced           ; Balanced           ;
; Carry Chain Length                                                              ; 70                 ; 70                 ;
; Auto Carry Chains                                                               ; On                 ; On                 ;
; Auto Open-Drain Pins                                                            ; On                 ; On                 ;
; Perform WYSIWYG Primitive Resynthesis                                           ; Off                ; Off                ;
; Auto ROM Replacement                                                            ; On                 ; On                 ;
; Auto RAM Replacement                                                            ; On                 ; On                 ;
; Auto DSP Block Replacement                                                      ; On                 ; On                 ;
; Auto Shift Register Replacement                                                 ; Auto               ; Auto               ;
; Allow Shift Register Merging across Hierarchies                                 ; Auto               ; Auto               ;
; Auto Clock Enable Replacement                                                   ; On                 ; On                 ;
; Strict RAM Replacement                                                          ; Off                ; Off                ;
; Allow Synchronous Control Signals                                               ; On                 ; On                 ;
; Force Use of Synchronous Clear Signals                                          ; Off                ; Off                ;
; Auto Resource Sharing                                                           ; Off                ; Off                ;
; Allow Any RAM Size For Recognition                                              ; Off                ; Off                ;
; Allow Any ROM Size For Recognition                                              ; Off                ; Off                ;
; Allow Any Shift Register Size For Recognition                                   ; Off                ; Off                ;
; Use LogicLock Constraints during Resource Balancing                             ; On                 ; On                 ;
; Ignore translate_off and synthesis_off directives                               ; Off                ; Off                ;
; Timing-Driven Synthesis                                                         ; On                 ; On                 ;
; Report Parameter Settings                                                       ; On                 ; On                 ;
; Report Source Assignments                                                       ; On                 ; On                 ;
; Report Connectivity Checks                                                      ; On                 ; On                 ;
; Ignore Maximum Fan-Out Assignments                                              ; Off                ; Off                ;
; Synchronization Register Chain Length                                           ; 3                  ; 3                  ;
; Power Optimization During Synthesis                                             ; Normal compilation ; Normal compilation ;
; HDL message level                                                               ; Level2             ; Level2             ;
; Suppress Register Optimization Related Messages                                 ; Off                ; Off                ;
; Number of Removed Registers Reported in Synthesis Report                        ; 5000               ; 5000               ;
; Number of Swept Nodes Reported in Synthesis Report                              ; 5000               ; 5000               ;
; Number of Inverted Registers Reported in Synthesis Report                       ; 100                ; 100                ;
; Clock MUX Protection                                                            ; On                 ; On                 ;
; Auto Gated Clock Conversion                                                     ; Off                ; Off                ;
; Block Design Naming                                                             ; Auto               ; Auto               ;
; SDC constraint protection                                                       ; Off                ; Off                ;
; Synthesis Effort                                                                ; Auto               ; Auto               ;
; Shift Register Replacement - Allow Asynchronous Clear Signal                    ; On                 ; On                 ;
; Pre-Mapping Resynthesis Optimization                                            ; Off                ; Off                ;
; Analysis & Synthesis Message Level                                              ; Medium             ; Medium             ;
; Disable Register Merging Across Hierarchies                                     ; Auto               ; Auto               ;
; Resource Aware Inference For Block RAM                                          ; On                 ; On                 ;
; Automatic Parallel Synthesis                                                    ; On                 ; On                 ;
; Partial Reconfiguration Bitstream ID                                            ; Off                ; Off                ;
+---------------------------------------------------------------------------------+--------------------+--------------------+


+------------------------------------------+
; Parallel Compilation                     ;
+----------------------------+-------------+
; Processors                 ; Number      ;
+----------------------------+-------------+
; Number detected on machine ; 8           ;
; Maximum allowed            ; 4           ;
;                            ;             ;
; Average used               ; 1.00        ;
; Maximum used               ; 4           ;
;                            ;             ;
; Usage by Processor         ; % Time Used ;
;     Processor 1            ; 100.0%      ;
;     Processor 2            ;   0.0%      ;
;     Processor 3            ;   0.0%      ;
;     Processor 4            ;   0.0%      ;
+----------------------------+-------------+


+-------------------------------------------------------------------------------------------------------------------------------------------------------------------------------------------------------------------------------------------------------------+
; Analysis & Synthesis Source Files Read                                                                                                                                                                                                                      ;
+----------------------------------+-----------------+-----------------+----------------------------------------------------------------------------------------------------------------------------------------------------------------------------+---------+
; File Name with User-Entered Path ; Used in Netlist ; File Type       ; File Name with Absolute Path                                                                                                                                               ; Library ;
+----------------------------------+-----------------+-----------------+----------------------------------------------------------------------------------------------------------------------------------------------------------------------------+---------+
; ULASomaSubPassa.vhd              ; yes             ; User VHDL File  ; C:/Users/adney/OneDrive - Insper - Institudo de Ensino e Pesquisa/Documentos/Insper/6_semestre _Insper/Design_de_Computadores/projeto1_contador/ULASomaSubPassa.vhd        ;         ;
; somaConstante.vhd                ; yes             ; User VHDL File  ; C:/Users/adney/OneDrive - Insper - Institudo de Ensino e Pesquisa/Documentos/Insper/6_semestre _Insper/Design_de_Computadores/projeto1_contador/somaConstante.vhd          ;         ;
; registradorGenerico.vhd          ; yes             ; User VHDL File  ; C:/Users/adney/OneDrive - Insper - Institudo de Ensino e Pesquisa/Documentos/Insper/6_semestre _Insper/Design_de_Computadores/projeto1_contador/registradorGenerico.vhd    ;         ;
; registradorFlag.vhd              ; yes             ; User VHDL File  ; C:/Users/adney/OneDrive - Insper - Institudo de Ensino e Pesquisa/Documentos/Insper/6_semestre _Insper/Design_de_Computadores/projeto1_contador/registradorFlag.vhd        ;         ;
; muxGenerico4x1.vhd               ; yes             ; User VHDL File  ; C:/Users/adney/OneDrive - Insper - Institudo de Ensino e Pesquisa/Documentos/Insper/6_semestre _Insper/Design_de_Computadores/projeto1_contador/muxGenerico4x1.vhd         ;         ;
; muxGenerico2x1.vhd               ; yes             ; User VHDL File  ; C:/Users/adney/OneDrive - Insper - Institudo de Ensino e Pesquisa/Documentos/Insper/6_semestre _Insper/Design_de_Computadores/projeto1_contador/muxGenerico2x1.vhd         ;         ;
; memoriaROM.vhd                   ; yes             ; User VHDL File  ; C:/Users/adney/OneDrive - Insper - Institudo de Ensino e Pesquisa/Documentos/Insper/6_semestre _Insper/Design_de_Computadores/projeto1_contador/memoriaROM.vhd             ;         ;
; memoriaRAM.vhd                   ; yes             ; User VHDL File  ; C:/Users/adney/OneDrive - Insper - Institudo de Ensino e Pesquisa/Documentos/Insper/6_semestre _Insper/Design_de_Computadores/projeto1_contador/memoriaRAM.vhd             ;         ;
; LogicaDesvio.vhd                 ; yes             ; User VHDL File  ; C:/Users/adney/OneDrive - Insper - Institudo de Ensino e Pesquisa/Documentos/Insper/6_semestre _Insper/Design_de_Computadores/projeto1_contador/LogicaDesvio.vhd           ;         ;
; HEX.vhd                          ; yes             ; User VHDL File  ; C:/Users/adney/OneDrive - Insper - Institudo de Ensino e Pesquisa/Documentos/Insper/6_semestre _Insper/Design_de_Computadores/projeto1_contador/HEX.vhd                    ;         ;
; flipflop.vhd                     ; yes             ; User VHDL File  ; C:/Users/adney/OneDrive - Insper - Institudo de Ensino e Pesquisa/Documentos/Insper/6_semestre _Insper/Design_de_Computadores/projeto1_contador/flipflop.vhd               ;         ;
; edgeDetector.vhd                 ; yes             ; User VHDL File  ; C:/Users/adney/OneDrive - Insper - Institudo de Ensino e Pesquisa/Documentos/Insper/6_semestre _Insper/Design_de_Computadores/projeto1_contador/edgeDetector.vhd           ;         ;
; decoderInstru.vhd                ; yes             ; User VHDL File  ; C:/Users/adney/OneDrive - Insper - Institudo de Ensino e Pesquisa/Documentos/Insper/6_semestre _Insper/Design_de_Computadores/projeto1_contador/decoderInstru.vhd          ;         ;
; decoder3x8.vhd                   ; yes             ; User VHDL File  ; C:/Users/adney/OneDrive - Insper - Institudo de Ensino e Pesquisa/Documentos/Insper/6_semestre _Insper/Design_de_Computadores/projeto1_contador/decoder3x8.vhd             ;         ;
; CPU.vhd                          ; yes             ; User VHDL File  ; C:/Users/adney/OneDrive - Insper - Institudo de Ensino e Pesquisa/Documentos/Insper/6_semestre _Insper/Design_de_Computadores/projeto1_contador/CPU.vhd                    ;         ;
; conversorHex7Seg.vhd             ; yes             ; User VHDL File  ; C:/Users/adney/OneDrive - Insper - Institudo de Ensino e Pesquisa/Documentos/Insper/6_semestre _Insper/Design_de_Computadores/projeto1_contador/conversorHex7Seg.vhd       ;         ;
; contador.vhd                     ; yes             ; User VHDL File  ; C:/Users/adney/OneDrive - Insper - Institudo de Ensino e Pesquisa/Documentos/Insper/6_semestre _Insper/Design_de_Computadores/projeto1_contador/contador.vhd               ;         ;
; buffer_3_state_8portas.vhd       ; yes             ; User VHDL File  ; C:/Users/adney/OneDrive - Insper - Institudo de Ensino e Pesquisa/Documentos/Insper/6_semestre _Insper/Design_de_Computadores/projeto1_contador/buffer_3_state_8portas.vhd ;         ;
+----------------------------------+-----------------+-----------------+----------------------------------------------------------------------------------------------------------------------------------------------------------------------------+---------+


+--------------------------------------------------------------+
; Analysis & Synthesis Resource Usage Summary                  ;
+---------------------------------------------+----------------+
; Resource                                    ; Usage          ;
+---------------------------------------------+----------------+
; Estimate of Logic utilization (ALMs needed) ; 466            ;
;                                             ;                ;
; Combinational ALUT usage for logic          ; 481            ;
;     -- 7 input functions                    ; 0              ;
;     -- 6 input functions                    ; 293            ;
;     -- 5 input functions                    ; 32             ;
;     -- 4 input functions                    ; 59             ;
;     -- <=3 input functions                  ; 97             ;
;                                             ;                ;
; Dedicated logic registers                   ; 577            ;
;                                             ;                ;
; I/O pins                                    ; 68             ;
;                                             ;                ;
; Total DSP Blocks                            ; 0              ;
;                                             ;                ;
; Maximum fan-out node                        ; CLOCK_50~input ;
; Maximum fan-out                             ; 575            ;
; Total fan-out                               ; 4218           ;
; Average fan-out                             ; 3.53           ;
+---------------------------------------------+----------------+


+---------------------------------------------------------------------------------------------------------------------------------------------------------------------------------------------------------------------------------+
; Analysis & Synthesis Resource Utilization by Entity                                                                                                                                                                             ;
+------------------------------------+---------------------+---------------------------+-------------------+------------+------+--------------+----------------------------------------------+---------------------+--------------+
; Compilation Hierarchy Node         ; Combinational ALUTs ; Dedicated Logic Registers ; Block Memory Bits ; DSP Blocks ; Pins ; Virtual Pins ; Full Hierarchy Name                          ; Entity Name         ; Library Name ;
+------------------------------------+---------------------+---------------------------+-------------------+------------+------+--------------+----------------------------------------------+---------------------+--------------+
; |contador                          ; 481 (18)            ; 577 (0)                   ; 0                 ; 0          ; 68   ; 0            ; |contador                                    ; contador            ; work         ;
;    |CPU:CPU|                       ; 66 (0)              ; 27 (0)                    ; 0                 ; 0          ; 0    ; 0            ; |contador|CPU:CPU                            ; CPU                 ; work         ;
;       |ULASomaSubPassa:ULA1|       ; 10 (10)             ; 0 (0)                     ; 0                 ; 0          ; 0    ; 0            ; |contador|CPU:CPU|ULASomaSubPassa:ULA1       ; ULASomaSubPassa     ; work         ;
;       |decoderInstru:DECODER|      ; 10 (10)             ; 0 (0)                     ; 0                 ; 0          ; 0    ; 0            ; |contador|CPU:CPU|decoderInstru:DECODER      ; decoderInstru       ; work         ;
;       |muxGenerico2x1:MUX1|        ; 17 (17)             ; 0 (0)                     ; 0                 ; 0          ; 0    ; 0            ; |contador|CPU:CPU|muxGenerico2x1:MUX1        ; muxGenerico2x1      ; work         ;
;       |muxGenerico4x1:MUXJMP|      ; 11 (11)             ; 0 (0)                     ; 0                 ; 0          ; 0    ; 0            ; |contador|CPU:CPU|muxGenerico4x1:MUXJMP      ; muxGenerico4x1      ; work         ;
;       |registradorFlag:REGFLAG|    ; 9 (9)               ; 1 (1)                     ; 0                 ; 0          ; 0    ; 0            ; |contador|CPU:CPU|registradorFlag:REGFLAG    ; registradorFlag     ; work         ;
;       |registradorGenerico:PC|     ; 0 (0)               ; 9 (9)                     ; 0                 ; 0          ; 0    ; 0            ; |contador|CPU:CPU|registradorGenerico:PC     ; registradorGenerico ; work         ;
;       |registradorGenerico:REGA|   ; 0 (0)               ; 8 (8)                     ; 0                 ; 0          ; 0    ; 0            ; |contador|CPU:CPU|registradorGenerico:REGA   ; registradorGenerico ; work         ;
;       |registradorGenerico:REGRET| ; 0 (0)               ; 9 (9)                     ; 0                 ; 0          ; 0    ; 0            ; |contador|CPU:CPU|registradorGenerico:REGRET ; registradorGenerico ; work         ;
;       |somaConstante:incrementaPC| ; 9 (9)               ; 0 (0)                     ; 0                 ; 0          ; 0    ; 0            ; |contador|CPU:CPU|somaConstante:incrementaPC ; somaConstante       ; work         ;
;    |HEX:HEX_0|                     ; 7 (0)               ; 4 (0)                     ; 0                 ; 0          ; 0    ; 0            ; |contador|HEX:HEX_0                          ; HEX                 ; work         ;
;       |conversorHex7Seg:Hex7Seg|   ; 7 (7)               ; 0 (0)                     ; 0                 ; 0          ; 0    ; 0            ; |contador|HEX:HEX_0|conversorHex7Seg:Hex7Seg ; conversorHex7Seg    ; work         ;
;       |registradorGenerico:REG|    ; 0 (0)               ; 4 (4)                     ; 0                 ; 0          ; 0    ; 0            ; |contador|HEX:HEX_0|registradorGenerico:REG  ; registradorGenerico ; work         ;
;    |HEX:HEX_1|                     ; 7 (0)               ; 4 (0)                     ; 0                 ; 0          ; 0    ; 0            ; |contador|HEX:HEX_1                          ; HEX                 ; work         ;
;       |conversorHex7Seg:Hex7Seg|   ; 7 (7)               ; 0 (0)                     ; 0                 ; 0          ; 0    ; 0            ; |contador|HEX:HEX_1|conversorHex7Seg:Hex7Seg ; conversorHex7Seg    ; work         ;
;       |registradorGenerico:REG|    ; 0 (0)               ; 4 (4)                     ; 0                 ; 0          ; 0    ; 0            ; |contador|HEX:HEX_1|registradorGenerico:REG  ; registradorGenerico ; work         ;
;    |HEX:HEX_2|                     ; 7 (0)               ; 4 (0)                     ; 0                 ; 0          ; 0    ; 0            ; |contador|HEX:HEX_2                          ; HEX                 ; work         ;
;       |conversorHex7Seg:Hex7Seg|   ; 7 (7)               ; 0 (0)                     ; 0                 ; 0          ; 0    ; 0            ; |contador|HEX:HEX_2|conversorHex7Seg:Hex7Seg ; conversorHex7Seg    ; work         ;
;       |registradorGenerico:REG|    ; 0 (0)               ; 4 (4)                     ; 0                 ; 0          ; 0    ; 0            ; |contador|HEX:HEX_2|registradorGenerico:REG  ; registradorGenerico ; work         ;
;    |HEX:HEX_3|                     ; 7 (0)               ; 4 (0)                     ; 0                 ; 0          ; 0    ; 0            ; |contador|HEX:HEX_3                          ; HEX                 ; work         ;
;       |conversorHex7Seg:Hex7Seg|   ; 7 (7)               ; 0 (0)                     ; 0                 ; 0          ; 0    ; 0            ; |contador|HEX:HEX_3|conversorHex7Seg:Hex7Seg ; conversorHex7Seg    ; work         ;
;       |registradorGenerico:REG|    ; 0 (0)               ; 4 (4)                     ; 0                 ; 0          ; 0    ; 0            ; |contador|HEX:HEX_3|registradorGenerico:REG  ; registradorGenerico ; work         ;
;    |HEX:HEX_4|                     ; 7 (0)               ; 4 (0)                     ; 0                 ; 0          ; 0    ; 0            ; |contador|HEX:HEX_4                          ; HEX                 ; work         ;
;       |conversorHex7Seg:Hex7Seg|   ; 7 (7)               ; 0 (0)                     ; 0                 ; 0          ; 0    ; 0            ; |contador|HEX:HEX_4|conversorHex7Seg:Hex7Seg ; conversorHex7Seg    ; work         ;
;       |registradorGenerico:REG|    ; 0 (0)               ; 4 (4)                     ; 0                 ; 0          ; 0    ; 0            ; |contador|HEX:HEX_4|registradorGenerico:REG  ; registradorGenerico ; work         ;
;    |HEX:HEX_5|                     ; 7 (0)               ; 4 (0)                     ; 0                 ; 0          ; 0    ; 0            ; |contador|HEX:HEX_5                          ; HEX                 ; work         ;
;       |conversorHex7Seg:Hex7Seg|   ; 7 (7)               ; 0 (0)                     ; 0                 ; 0          ; 0    ; 0            ; |contador|HEX:HEX_5|conversorHex7Seg:Hex7Seg ; conversorHex7Seg    ; work         ;
;       |registradorGenerico:REG|    ; 0 (0)               ; 4 (4)                     ; 0                 ; 0          ; 0    ; 0            ; |contador|HEX:HEX_5|registradorGenerico:REG  ; registradorGenerico ; work         ;
;    |decoder3x8:DECODER3X8Bloco|    ; 1 (1)               ; 0 (0)                     ; 0                 ; 0          ; 0    ; 0            ; |contador|decoder3x8:DECODER3X8Bloco         ; decoder3x8          ; work         ;
;    |edgeDetector:edgeDetector0|    ; 2 (2)               ; 1 (1)                     ; 0                 ; 0          ; 0    ; 0            ; |contador|edgeDetector:edgeDetector0         ; edgeDetector        ; work         ;
;    |edgeDetector:edgeDetector1|    ; 2 (2)               ; 1 (1)                     ; 0                 ; 0          ; 0    ; 0            ; |contador|edgeDetector:edgeDetector1         ; edgeDetector        ; work         ;
;    |flipflop:LED8|                 ; 1 (1)               ; 1 (1)                     ; 0                 ; 0          ; 0    ; 0            ; |contador|flipflop:LED8                      ; flipflop            ; work         ;
;    |flipflop:LED9|                 ; 1 (1)               ; 1 (1)                     ; 0                 ; 0          ; 0    ; 0            ; |contador|flipflop:LED9                      ; flipflop            ; work         ;
;    |flipflop:flipflopkey0|         ; 0 (0)               ; 1 (1)                     ; 0                 ; 0          ; 0    ; 0            ; |contador|flipflop:flipflopkey0              ; flipflop            ; work         ;
;    |flipflop:flipflopkey1|         ; 0 (0)               ; 1 (1)                     ; 0                 ; 0          ; 0    ; 0            ; |contador|flipflop:flipflopkey1              ; flipflop            ; work         ;
;    |memoriaRAM:RAM|                ; 298 (298)           ; 512 (512)                 ; 0                 ; 0          ; 0    ; 0            ; |contador|memoriaRAM:RAM                     ; memoriaRAM          ; work         ;
;    |memoriaROM:ROM1|               ; 50 (50)             ; 0 (0)                     ; 0                 ; 0          ; 0    ; 0            ; |contador|memoriaROM:ROM1                    ; memoriaROM          ; work         ;
;    |registradorGenerico:LEDR07|    ; 0 (0)               ; 8 (8)                     ; 0                 ; 0          ; 0    ; 0            ; |contador|registradorGenerico:LEDR07         ; registradorGenerico ; work         ;
+------------------------------------+---------------------+---------------------------+-------------------+------------+------+--------------+----------------------------------------------+---------------------+--------------+
Note: For table entries with two numbers listed, the numbers in parentheses indicate the number of resources of the given type used by the specific entity alone. The numbers listed outside of parentheses indicate the total resources of the given type used by the specific entity and all of its sub-entities in the hierarchy.


+------------------------------------------------------+
; General Register Statistics                          ;
+----------------------------------------------+-------+
; Statistic                                    ; Value ;
+----------------------------------------------+-------+
; Total registers                              ; 577   ;
; Number of registers using Synchronous Clear  ; 0     ;
; Number of registers using Synchronous Load   ; 8     ;
; Number of registers using Asynchronous Clear ; 2     ;
; Number of registers using Asynchronous Load  ; 0     ;
; Number of registers using Clock Enable       ; 561   ;
; Number of registers using Preset             ; 0     ;
+----------------------------------------------+-------+


+----------------------------------------------------------------------------------------------------------------------------------------------------------------+
; Multiplexer Restructuring Statistics (Restructuring Performed)                                                                                                 ;
+--------------------+-----------+---------------+----------------------+------------------------+------------+--------------------------------------------------+
; Multiplexer Inputs ; Bus Width ; Baseline Area ; Area if Restructured ; Saving if Restructured ; Registered ; Example Multiplexer Output                       ;
+--------------------+-----------+---------------+----------------------+------------------------+------------+--------------------------------------------------+
; 4:1                ; 9 bits    ; 18 LEs        ; 18 LEs               ; 0 LEs                  ; Yes        ; |contador|CPU:CPU|registradorGenerico:PC|DOUT[1] ;
; 3:1                ; 3 bits    ; 6 LEs         ; 6 LEs                ; 0 LEs                  ; No         ; |contador|CPU:CPU|decoderInstru:DECODER|saida[6] ;
; 5:1                ; 3 bits    ; 9 LEs         ; 9 LEs                ; 0 LEs                  ; No         ; |contador|CPU:CPU|decoderInstru:DECODER|saida[2] ;
+--------------------+-----------+---------------+----------------------+------------------------+------------+--------------------------------------------------+


+--------------------------------------------------------------------------+
; Parameter Settings for User Entity Instance: Top-level Entity: |contador ;
+------------------+-------+-----------------------------------------------+
; Parameter Name   ; Value ; Type                                          ;
+------------------+-------+-----------------------------------------------+
; larguraDados     ; 8     ; Signed Integer                                ;
; larguraEnderecos ; 9     ; Signed Integer                                ;
; tamanhoInstrucao ; 13    ; Signed Integer                                ;
; simulacao        ; false ; Enumerated                                    ;
+------------------+-------+-----------------------------------------------+
Note: In order to hide this table in the UI and the text report file, please set the "Show Parameter Settings in Synthesis Report" option in "Analysis and Synthesis Settings -> More Settings" to "Off".


+-------------------------------------------------------------------------+
; Parameter Settings for User Entity Instance: registradorGenerico:LEDR07 ;
+----------------+-------+------------------------------------------------+
; Parameter Name ; Value ; Type                                           ;
+----------------+-------+------------------------------------------------+
; larguradados   ; 8     ; Signed Integer                                 ;
+----------------+-------+------------------------------------------------+
Note: In order to hide this table in the UI and the text report file, please set the "Show Parameter Settings in Synthesis Report" option in "Analysis and Synthesis Settings -> More Settings" to "Off".


+--------------------------------------------------------------------------------+
; Parameter Settings for User Entity Instance: HEX:HEX_0|registradorGenerico:REG ;
+----------------+-------+-------------------------------------------------------+
; Parameter Name ; Value ; Type                                                  ;
+----------------+-------+-------------------------------------------------------+
; larguradados   ; 4     ; Signed Integer                                        ;
+----------------+-------+-------------------------------------------------------+
Note: In order to hide this table in the UI and the text report file, please set the "Show Parameter Settings in Synthesis Report" option in "Analysis and Synthesis Settings -> More Settings" to "Off".


+--------------------------------------------------------------------------------+
; Parameter Settings for User Entity Instance: HEX:HEX_1|registradorGenerico:REG ;
+----------------+-------+-------------------------------------------------------+
; Parameter Name ; Value ; Type                                                  ;
+----------------+-------+-------------------------------------------------------+
; larguradados   ; 4     ; Signed Integer                                        ;
+----------------+-------+-------------------------------------------------------+
Note: In order to hide this table in the UI and the text report file, please set the "Show Parameter Settings in Synthesis Report" option in "Analysis and Synthesis Settings -> More Settings" to "Off".


+--------------------------------------------------------------------------------+
; Parameter Settings for User Entity Instance: HEX:HEX_2|registradorGenerico:REG ;
+----------------+-------+-------------------------------------------------------+
; Parameter Name ; Value ; Type                                                  ;
+----------------+-------+-------------------------------------------------------+
; larguradados   ; 4     ; Signed Integer                                        ;
+----------------+-------+-------------------------------------------------------+
Note: In order to hide this table in the UI and the text report file, please set the "Show Parameter Settings in Synthesis Report" option in "Analysis and Synthesis Settings -> More Settings" to "Off".


+--------------------------------------------------------------------------------+
; Parameter Settings for User Entity Instance: HEX:HEX_3|registradorGenerico:REG ;
+----------------+-------+-------------------------------------------------------+
; Parameter Name ; Value ; Type                                                  ;
+----------------+-------+-------------------------------------------------------+
; larguradados   ; 4     ; Signed Integer                                        ;
+----------------+-------+-------------------------------------------------------+
Note: In order to hide this table in the UI and the text report file, please set the "Show Parameter Settings in Synthesis Report" option in "Analysis and Synthesis Settings -> More Settings" to "Off".


+--------------------------------------------------------------------------------+
; Parameter Settings for User Entity Instance: HEX:HEX_4|registradorGenerico:REG ;
+----------------+-------+-------------------------------------------------------+
; Parameter Name ; Value ; Type                                                  ;
+----------------+-------+-------------------------------------------------------+
; larguradados   ; 4     ; Signed Integer                                        ;
+----------------+-------+-------------------------------------------------------+
Note: In order to hide this table in the UI and the text report file, please set the "Show Parameter Settings in Synthesis Report" option in "Analysis and Synthesis Settings -> More Settings" to "Off".


+--------------------------------------------------------------------------------+
; Parameter Settings for User Entity Instance: HEX:HEX_5|registradorGenerico:REG ;
+----------------+-------+-------------------------------------------------------+
; Parameter Name ; Value ; Type                                                  ;
+----------------+-------+-------------------------------------------------------+
; larguradados   ; 4     ; Signed Integer                                        ;
+----------------+-------+-------------------------------------------------------+
Note: In order to hide this table in the UI and the text report file, please set the "Show Parameter Settings in Synthesis Report" option in "Analysis and Synthesis Settings -> More Settings" to "Off".


+--------------------------------------------------------------+
; Parameter Settings for User Entity Instance: memoriaROM:ROM1 ;
+----------------+-------+-------------------------------------+
; Parameter Name ; Value ; Type                                ;
+----------------+-------+-------------------------------------+
; datawidth      ; 13    ; Signed Integer                      ;
; addrwidth      ; 9     ; Signed Integer                      ;
+----------------+-------+-------------------------------------+
Note: In order to hide this table in the UI and the text report file, please set the "Show Parameter Settings in Synthesis Report" option in "Analysis and Synthesis Settings -> More Settings" to "Off".


+-------------------------------------------------------------+
; Parameter Settings for User Entity Instance: memoriaRAM:RAM ;
+----------------+-------+------------------------------------+
; Parameter Name ; Value ; Type                               ;
+----------------+-------+------------------------------------+
; datawidth      ; 8     ; Signed Integer                     ;
; addrwidth      ; 6     ; Signed Integer                     ;
+----------------+-------+------------------------------------+
Note: In order to hide this table in the UI and the text report file, please set the "Show Parameter Settings in Synthesis Report" option in "Analysis and Synthesis Settings -> More Settings" to "Off".


+------------------------------------------------------+
; Parameter Settings for User Entity Instance: CPU:CPU ;
+------------------+-------+---------------------------+
; Parameter Name   ; Value ; Type                      ;
+------------------+-------+---------------------------+
; larguradados     ; 8     ; Signed Integer            ;
; larguraenderecos ; 9     ; Signed Integer            ;
; tamanhoinstrucao ; 13    ; Signed Integer            ;
; simulacao        ; true  ; Enumerated                ;
+------------------+-------+---------------------------+
Note: In order to hide this table in the UI and the text report file, please set the "Show Parameter Settings in Synthesis Report" option in "Analysis and Synthesis Settings -> More Settings" to "Off".


+--------------------------------------------------------------------------+
; Parameter Settings for User Entity Instance: CPU:CPU|muxGenerico2x1:MUX1 ;
+----------------+-------+-------------------------------------------------+
; Parameter Name ; Value ; Type                                            ;
+----------------+-------+-------------------------------------------------+
; larguradados   ; 8     ; Signed Integer                                  ;
+----------------+-------+-------------------------------------------------+
Note: In order to hide this table in the UI and the text report file, please set the "Show Parameter Settings in Synthesis Report" option in "Analysis and Synthesis Settings -> More Settings" to "Off".


+----------------------------------------------------------------------------+
; Parameter Settings for User Entity Instance: CPU:CPU|muxGenerico4x1:MUXJMP ;
+----------------+-------+---------------------------------------------------+
; Parameter Name ; Value ; Type                                              ;
+----------------+-------+---------------------------------------------------+
; larguradados   ; 9     ; Signed Integer                                    ;
+----------------+-------+---------------------------------------------------+
Note: In order to hide this table in the UI and the text report file, please set the "Show Parameter Settings in Synthesis Report" option in "Analysis and Synthesis Settings -> More Settings" to "Off".


+-------------------------------------------------------------------------------+
; Parameter Settings for User Entity Instance: CPU:CPU|registradorGenerico:REGA ;
+----------------+-------+------------------------------------------------------+
; Parameter Name ; Value ; Type                                                 ;
+----------------+-------+------------------------------------------------------+
; larguradados   ; 8     ; Signed Integer                                       ;
+----------------+-------+------------------------------------------------------+
Note: In order to hide this table in the UI and the text report file, please set the "Show Parameter Settings in Synthesis Report" option in "Analysis and Synthesis Settings -> More Settings" to "Off".


+---------------------------------------------------------------------------------+
; Parameter Settings for User Entity Instance: CPU:CPU|registradorGenerico:REGRET ;
+----------------+-------+--------------------------------------------------------+
; Parameter Name ; Value ; Type                                                   ;
+----------------+-------+--------------------------------------------------------+
; larguradados   ; 9     ; Signed Integer                                         ;
+----------------+-------+--------------------------------------------------------+
Note: In order to hide this table in the UI and the text report file, please set the "Show Parameter Settings in Synthesis Report" option in "Analysis and Synthesis Settings -> More Settings" to "Off".


+------------------------------------------------------------------------------+
; Parameter Settings for User Entity Instance: CPU:CPU|registradorFlag:REGFLAG ;
+----------------+-------+-----------------------------------------------------+
; Parameter Name ; Value ; Type                                                ;
+----------------+-------+-----------------------------------------------------+
; larguradados   ; 8     ; Signed Integer                                      ;
+----------------+-------+-----------------------------------------------------+
Note: In order to hide this table in the UI and the text report file, please set the "Show Parameter Settings in Synthesis Report" option in "Analysis and Synthesis Settings -> More Settings" to "Off".


+-----------------------------------------------------------------------------+
; Parameter Settings for User Entity Instance: CPU:CPU|registradorGenerico:PC ;
+----------------+-------+----------------------------------------------------+
; Parameter Name ; Value ; Type                                               ;
+----------------+-------+----------------------------------------------------+
; larguradados   ; 9     ; Signed Integer                                     ;
+----------------+-------+----------------------------------------------------+
Note: In order to hide this table in the UI and the text report file, please set the "Show Parameter Settings in Synthesis Report" option in "Analysis and Synthesis Settings -> More Settings" to "Off".


+---------------------------------------------------------------------------------+
; Parameter Settings for User Entity Instance: CPU:CPU|somaConstante:incrementaPC ;
+----------------+-------+--------------------------------------------------------+
; Parameter Name ; Value ; Type                                                   ;
+----------------+-------+--------------------------------------------------------+
; larguradados   ; 9     ; Signed Integer                                         ;
; constante      ; 1     ; Signed Integer                                         ;
+----------------+-------+--------------------------------------------------------+
Note: In order to hide this table in the UI and the text report file, please set the "Show Parameter Settings in Synthesis Report" option in "Analysis and Synthesis Settings -> More Settings" to "Off".


+---------------------------------------------------------------------------+
; Parameter Settings for User Entity Instance: CPU:CPU|ULASomaSubPassa:ULA1 ;
+----------------+-------+--------------------------------------------------+
; Parameter Name ; Value ; Type                                             ;
+----------------+-------+--------------------------------------------------+
; larguradados   ; 8     ; Signed Integer                                   ;
+----------------+-------+--------------------------------------------------+
Note: In order to hide this table in the UI and the text report file, please set the "Show Parameter Settings in Synthesis Report" option in "Analysis and Synthesis Settings -> More Settings" to "Off".


+------------------------------------------------------------+
; Port Connectivity Checks: "CPU:CPU|registradorGenerico:PC" ;
+--------+-------+----------+--------------------------------+
; Port   ; Type  ; Severity ; Details                        ;
+--------+-------+----------+--------------------------------+
; enable ; Input ; Info     ; Stuck at VCC                   ;
; rst    ; Input ; Info     ; Stuck at GND                   ;
+--------+-------+----------+--------------------------------+


+-------------------------------------------------------------+
; Port Connectivity Checks: "CPU:CPU|registradorFlag:REGFLAG" ;
+------+-------+----------+-----------------------------------+
; Port ; Type  ; Severity ; Details                           ;
+------+-------+----------+-----------------------------------+
; rst  ; Input ; Info     ; Stuck at GND                      ;
+------+-------+----------+-----------------------------------+


+----------------------------------------------------------------+
; Port Connectivity Checks: "CPU:CPU|registradorGenerico:REGRET" ;
+------+-------+----------+--------------------------------------+
; Port ; Type  ; Severity ; Details                              ;
+------+-------+----------+--------------------------------------+
; rst  ; Input ; Info     ; Stuck at GND                         ;
+------+-------+----------+--------------------------------------+


+--------------------------------------------------------------+
; Port Connectivity Checks: "CPU:CPU|registradorGenerico:REGA" ;
+------+-------+----------+------------------------------------+
; Port ; Type  ; Severity ; Details                            ;
+------+-------+----------+------------------------------------+
; rst  ; Input ; Info     ; Stuck at GND                       ;
+------+-------+----------+------------------------------------+


+-----------------------------------------------------------+
; Port Connectivity Checks: "CPU:CPU|muxGenerico4x1:MUXJMP" ;
+--------------+-------+----------+-------------------------+
; Port         ; Type  ; Severity ; Details                 ;
+--------------+-------+----------+-------------------------+
; entradad_mux ; Input ; Info     ; Stuck at GND            ;
+--------------+-------+----------+-------------------------+


+-----------------------------------------+
; Port Connectivity Checks: "CPU:CPU"     ;
+-------+-------+----------+--------------+
; Port  ; Type  ; Severity ; Details      ;
+-------+-------+----------+--------------+
; reset ; Input ; Info     ; Stuck at GND ;
+-------+-------+----------+--------------+


+-----------------------------------------------------------------------------------------------------------------------+
; Port Connectivity Checks: "decoder3x8:DECODER3X8Endereco"                                                             ;
+-------------+--------+----------+-------------------------------------------------------------------------------------+
; Port        ; Type   ; Severity ; Details                                                                             ;
+-------------+--------+----------+-------------------------------------------------------------------------------------+
; saida[7..6] ; Output ; Info     ; Connected to dangling logic. Logic that only feeds a dangling port will be removed. ;
+-------------+--------+----------+-------------------------------------------------------------------------------------+


+-----------------------------------------------------------------------------------------------------------------------+
; Port Connectivity Checks: "decoder3x8:DECODER3X8Bloco"                                                                ;
+-------------+--------+----------+-------------------------------------------------------------------------------------+
; Port        ; Type   ; Severity ; Details                                                                             ;
+-------------+--------+----------+-------------------------------------------------------------------------------------+
; saida[7..6] ; Output ; Info     ; Connected to dangling logic. Logic that only feeds a dangling port will be removed. ;
; saida[3..1] ; Output ; Info     ; Connected to dangling logic. Logic that only feeds a dangling port will be removed. ;
+-------------+--------+----------+-------------------------------------------------------------------------------------+


+---------------------------------------------------------------+
; Port Connectivity Checks: "buffer_3_state_8portas:FPGA_RESST" ;
+---------------+-------+----------+----------------------------+
; Port          ; Type  ; Severity ; Details                    ;
+---------------+-------+----------+----------------------------+
; entrada[7..1] ; Input ; Info     ; Stuck at GND               ;
+---------------+-------+----------+----------------------------+


+---------------------------------------------------------+
; Port Connectivity Checks: "buffer_3_state_8portas:KEY3" ;
+---------------+-------+----------+----------------------+
; Port          ; Type  ; Severity ; Details              ;
+---------------+-------+----------+----------------------+
; entrada[7..1] ; Input ; Info     ; Stuck at GND         ;
+---------------+-------+----------+----------------------+


+---------------------------------------------------------+
; Port Connectivity Checks: "buffer_3_state_8portas:KEY2" ;
+---------------+-------+----------+----------------------+
; Port          ; Type  ; Severity ; Details              ;
+---------------+-------+----------+----------------------+
; entrada[7..1] ; Input ; Info     ; Stuck at GND         ;
+---------------+-------+----------+----------------------+


+---------------------------------------------------------+
; Port Connectivity Checks: "buffer_3_state_8portas:KEY1" ;
+---------------+-------+----------+----------------------+
; Port          ; Type  ; Severity ; Details              ;
+---------------+-------+----------+----------------------+
; entrada[7..1] ; Input ; Info     ; Stuck at GND         ;
+---------------+-------+----------+----------------------+


+---------------------------------------------------+
; Port Connectivity Checks: "flipflop:flipflopkey1" ;
+--------+-------+----------+-----------------------+
; Port   ; Type  ; Severity ; Details               ;
+--------+-------+----------+-----------------------+
; din    ; Input ; Info     ; Stuck at VCC          ;
; enable ; Input ; Info     ; Stuck at VCC          ;
+--------+-------+----------+-----------------------+


+---------------------------------------------------------+
; Port Connectivity Checks: "buffer_3_state_8portas:KEY0" ;
+---------------+-------+----------+----------------------+
; Port          ; Type  ; Severity ; Details              ;
+---------------+-------+----------+----------------------+
; entrada[7..1] ; Input ; Info     ; Stuck at GND         ;
+---------------+-------+----------+----------------------+


+---------------------------------------------------+
; Port Connectivity Checks: "flipflop:flipflopkey0" ;
+--------+-------+----------+-----------------------+
; Port   ; Type  ; Severity ; Details               ;
+--------+-------+----------+-----------------------+
; din    ; Input ; Info     ; Stuck at VCC          ;
; enable ; Input ; Info     ; Stuck at VCC          ;
+--------+-------+----------+-----------------------+


+--------------------------------------------------------+
; Port Connectivity Checks: "buffer_3_state_8portas:SW9" ;
+---------------+-------+----------+---------------------+
; Port          ; Type  ; Severity ; Details             ;
+---------------+-------+----------+---------------------+
; entrada[7..1] ; Input ; Info     ; Stuck at GND        ;
+---------------+-------+----------+---------------------+


+--------------------------------------------------------+
; Port Connectivity Checks: "buffer_3_state_8portas:SW8" ;
+---------------+-------+----------+---------------------+
; Port          ; Type  ; Severity ; Details             ;
+---------------+-------+----------+---------------------+
; entrada[7..1] ; Input ; Info     ; Stuck at GND        ;
+---------------+-------+----------+---------------------+


+----------------------------------------------------------------+
; Port Connectivity Checks: "HEX:HEX_0|conversorHex7Seg:Hex7Seg" ;
+----------+-------+----------+----------------------------------+
; Port     ; Type  ; Severity ; Details                          ;
+----------+-------+----------+----------------------------------+
; apaga    ; Input ; Info     ; Stuck at GND                     ;
; negativo ; Input ; Info     ; Stuck at GND                     ;
; overflow ; Input ; Info     ; Stuck at GND                     ;
+----------+-------+----------+----------------------------------+


+---------------------------------------------------------------+
; Port Connectivity Checks: "HEX:HEX_0|registradorGenerico:REG" ;
+------+-------+----------+-------------------------------------+
; Port ; Type  ; Severity ; Details                             ;
+------+-------+----------+-------------------------------------+
; rst  ; Input ; Info     ; Stuck at GND                        ;
+------+-------+----------+-------------------------------------+


+-------------------------------------------+
; Port Connectivity Checks: "flipflop:LED9" ;
+------+-------+----------+-----------------+
; Port ; Type  ; Severity ; Details         ;
+------+-------+----------+-----------------+
; rst  ; Input ; Info     ; Stuck at GND    ;
+------+-------+----------+-----------------+


+-------------------------------------------+
; Port Connectivity Checks: "flipflop:LED8" ;
+------+-------+----------+-----------------+
; Port ; Type  ; Severity ; Details         ;
+------+-------+----------+-----------------+
; rst  ; Input ; Info     ; Stuck at GND    ;
+------+-------+----------+-----------------+


+--------------------------------------------------------+
; Port Connectivity Checks: "registradorGenerico:LEDR07" ;
+------+-------+----------+------------------------------+
; Port ; Type  ; Severity ; Details                      ;
+------+-------+----------+------------------------------+
; rst  ; Input ; Info     ; Stuck at GND                 ;
+------+-------+----------+------------------------------+


+-----------------------------------------------------+
; Post-Synthesis Netlist Statistics for Top Partition ;
+-----------------------+-----------------------------+
; Type                  ; Count                       ;
+-----------------------+-----------------------------+
; arriav_ff             ; 577                         ;
;     CLR               ; 2                           ;
;     ENA               ; 553                         ;
;     ENA SLD           ; 8                           ;
;     plain             ; 14                          ;
; arriav_lcell_comb     ; 481                         ;
;     arith             ; 18                          ;
;         1 data inputs ; 9                           ;
;         3 data inputs ; 1                           ;
;         5 data inputs ; 8                           ;
;     normal            ; 463                         ;
;         1 data inputs ; 2                           ;
;         2 data inputs ; 72                          ;
;         3 data inputs ; 13                          ;
;         4 data inputs ; 59                          ;
;         5 data inputs ; 24                          ;
;         6 data inputs ; 293                         ;
; boundary_port         ; 68                          ;
;                       ;                             ;
; Max LUT depth         ; 10.00                       ;
; Average LUT depth     ; 6.75                        ;
+-----------------------+-----------------------------+


+-------------------------------+
; Elapsed Time Per Partition    ;
+----------------+--------------+
; Partition Name ; Elapsed Time ;
+----------------+--------------+
; Top            ; 00:00:03     ;
+----------------+--------------+


+-------------------------------+
; Analysis & Synthesis Messages ;
+-------------------------------+
Info: *******************************************************************
Info: Running Quartus Prime Analysis & Synthesis
    Info: Version 20.1.0 Build 711 06/05/2020 SJ Lite Edition
    Info: Processing started: Sat Apr 22 18:28:24 2023
Info: Command: quartus_map --read_settings_files=on --write_settings_files=off contador -c contador
Warning (18236): Number of processors has not been specified which may cause overloading on shared machines.  Set the global assignment NUM_PARALLEL_PROCESSORS in your QSF to an appropriate value for best performance.
Info (20030): Parallel compilation is enabled and will use 4 of the 4 processors detected
Info (12021): Found 2 design units, including 1 entities, in source file ulasomasubpassa.vhd
    Info (12022): Found design unit 1: ULASomaSubPassa-comportamento File: C:/Users/adney/OneDrive - Insper - Institudo de Ensino e Pesquisa/Documentos/Insper/6_semestre _Insper/Design_de_Computadores/projeto1_contador/ULASomaSubPassa.vhd Line: 14
    Info (12023): Found entity 1: ULASomaSubPassa File: C:/Users/adney/OneDrive - Insper - Institudo de Ensino e Pesquisa/Documentos/Insper/6_semestre _Insper/Design_de_Computadores/projeto1_contador/ULASomaSubPassa.vhd Line: 5
Info (12021): Found 2 design units, including 1 entities, in source file somaconstante.vhd
    Info (12022): Found design unit 1: somaConstante-comportamento File: C:/Users/adney/OneDrive - Insper - Institudo de Ensino e Pesquisa/Documentos/Insper/6_semestre _Insper/Design_de_Computadores/projeto1_contador/somaConstante.vhd Line: 18
    Info (12023): Found entity 1: somaConstante File: C:/Users/adney/OneDrive - Insper - Institudo de Ensino e Pesquisa/Documentos/Insper/6_semestre _Insper/Design_de_Computadores/projeto1_contador/somaConstante.vhd Line: 5
Info (12021): Found 2 design units, including 1 entities, in source file registradorgenerico.vhd
    Info (12022): Found design unit 1: registradorGenerico-comportamento File: C:/Users/adney/OneDrive - Insper - Institudo de Ensino e Pesquisa/Documentos/Insper/6_semestre _Insper/Design_de_Computadores/projeto1_contador/registradorGenerico.vhd Line: 16
    Info (12023): Found entity 1: registradorGenerico File: C:/Users/adney/OneDrive - Insper - Institudo de Ensino e Pesquisa/Documentos/Insper/6_semestre _Insper/Design_de_Computadores/projeto1_contador/registradorGenerico.vhd Line: 4
Info (12021): Found 2 design units, including 1 entities, in source file registradorflag.vhd
    Info (12022): Found design unit 1: registradorFlag-comportamento File: C:/Users/adney/OneDrive - Insper - Institudo de Ensino e Pesquisa/Documentos/Insper/6_semestre _Insper/Design_de_Computadores/projeto1_contador/registradorFlag.vhd Line: 15
    Info (12023): Found entity 1: registradorFlag File: C:/Users/adney/OneDrive - Insper - Institudo de Ensino e Pesquisa/Documentos/Insper/6_semestre _Insper/Design_de_Computadores/projeto1_contador/registradorFlag.vhd Line: 4
Info (12021): Found 2 design units, including 1 entities, in source file muxgenerico4x1.vhd
    Info (12022): Found design unit 1: muxGenerico4x1-comportamento File: C:/Users/adney/OneDrive - Insper - Institudo de Ensino e Pesquisa/Documentos/Insper/6_semestre _Insper/Design_de_Computadores/projeto1_contador/muxGenerico4x1.vhd Line: 14
    Info (12023): Found entity 1: muxGenerico4x1 File: C:/Users/adney/OneDrive - Insper - Institudo de Ensino e Pesquisa/Documentos/Insper/6_semestre _Insper/Design_de_Computadores/projeto1_contador/muxGenerico4x1.vhd Line: 4
Info (12021): Found 2 design units, including 1 entities, in source file muxgenerico2x1.vhd
    Info (12022): Found design unit 1: muxGenerico2x1-comportamento File: C:/Users/adney/OneDrive - Insper - Institudo de Ensino e Pesquisa/Documentos/Insper/6_semestre _Insper/Design_de_Computadores/projeto1_contador/muxGenerico2x1.vhd Line: 14
    Info (12023): Found entity 1: muxGenerico2x1 File: C:/Users/adney/OneDrive - Insper - Institudo de Ensino e Pesquisa/Documentos/Insper/6_semestre _Insper/Design_de_Computadores/projeto1_contador/muxGenerico2x1.vhd Line: 4
Info (12021): Found 2 design units, including 1 entities, in source file memoriarom.vhd
    Info (12022): Found design unit 1: memoriaROM-assincrona File: C:/Users/adney/OneDrive - Insper - Institudo de Ensino e Pesquisa/Documentos/Insper/6_semestre _Insper/Design_de_Computadores/projeto1_contador/memoriaROM.vhd Line: 16
    Info (12023): Found entity 1: memoriaROM File: C:/Users/adney/OneDrive - Insper - Institudo de Ensino e Pesquisa/Documentos/Insper/6_semestre _Insper/Design_de_Computadores/projeto1_contador/memoriaROM.vhd Line: 5
Info (12021): Found 2 design units, including 1 entities, in source file memoriaram.vhd
    Info (12022): Found design unit 1: memoriaRAM-rtl File: C:/Users/adney/OneDrive - Insper - Institudo de Ensino e Pesquisa/Documentos/Insper/6_semestre _Insper/Design_de_Computadores/projeto1_contador/memoriaRAM.vhd Line: 21
    Info (12023): Found entity 1: memoriaRAM File: C:/Users/adney/OneDrive - Insper - Institudo de Ensino e Pesquisa/Documentos/Insper/6_semestre _Insper/Design_de_Computadores/projeto1_contador/memoriaRAM.vhd Line: 5
Info (12021): Found 2 design units, including 1 entities, in source file logicadesvio.vhd
    Info (12022): Found design unit 1: LogicaDesvio-comportamento File: C:/Users/adney/OneDrive - Insper - Institudo de Ensino e Pesquisa/Documentos/Insper/6_semestre _Insper/Design_de_Computadores/projeto1_contador/LogicaDesvio.vhd Line: 14
    Info (12023): Found entity 1: LogicaDesvio File: C:/Users/adney/OneDrive - Insper - Institudo de Ensino e Pesquisa/Documentos/Insper/6_semestre _Insper/Design_de_Computadores/projeto1_contador/LogicaDesvio.vhd Line: 4
Info (12021): Found 2 design units, including 1 entities, in source file hex.vhd
    Info (12022): Found design unit 1: HEX-comportamento File: C:/Users/adney/OneDrive - Insper - Institudo de Ensino e Pesquisa/Documentos/Insper/6_semestre _Insper/Design_de_Computadores/projeto1_contador/HEX.vhd Line: 14
    Info (12023): Found entity 1: HEX File: C:/Users/adney/OneDrive - Insper - Institudo de Ensino e Pesquisa/Documentos/Insper/6_semestre _Insper/Design_de_Computadores/projeto1_contador/HEX.vhd Line: 5
Info (12021): Found 2 design units, including 1 entities, in source file flipflop.vhd
    Info (12022): Found design unit 1: flipflop-comportamento File: C:/Users/adney/OneDrive - Insper - Institudo de Ensino e Pesquisa/Documentos/Insper/6_semestre _Insper/Design_de_Computadores/projeto1_contador/flipflop.vhd Line: 13
    Info (12023): Found entity 1: flipflop File: C:/Users/adney/OneDrive - Insper - Institudo de Ensino e Pesquisa/Documentos/Insper/6_semestre _Insper/Design_de_Computadores/projeto1_contador/flipflop.vhd Line: 4
Info (12021): Found 3 design units, including 1 entities, in source file edgedetector.vhd
    Info (12022): Found design unit 1: edgeDetector-bordaSubida File: C:/Users/adney/OneDrive - Insper - Institudo de Ensino e Pesquisa/Documentos/Insper/6_semestre _Insper/Design_de_Computadores/projeto1_contador/edgeDetector.vhd Line: 10
    Info (12022): Found design unit 2: edgeDetector-bordaDescida File: C:/Users/adney/OneDrive - Insper - Institudo de Ensino e Pesquisa/Documentos/Insper/6_semestre _Insper/Design_de_Computadores/projeto1_contador/edgeDetector.vhd Line: 23
    Info (12023): Found entity 1: edgeDetector File: C:/Users/adney/OneDrive - Insper - Institudo de Ensino e Pesquisa/Documentos/Insper/6_semestre _Insper/Design_de_Computadores/projeto1_contador/edgeDetector.vhd Line: 4
Info (12021): Found 2 design units, including 1 entities, in source file decoderinstru.vhd
    Info (12022): Found design unit 1: decoderInstru-comportamento File: C:/Users/adney/OneDrive - Insper - Institudo de Ensino e Pesquisa/Documentos/Insper/6_semestre _Insper/Design_de_Computadores/projeto1_contador/decoderInstru.vhd Line: 10
    Info (12023): Found entity 1: decoderInstru File: C:/Users/adney/OneDrive - Insper - Institudo de Ensino e Pesquisa/Documentos/Insper/6_semestre _Insper/Design_de_Computadores/projeto1_contador/decoderInstru.vhd Line: 4
Info (12021): Found 2 design units, including 1 entities, in source file decoder3x8.vhd
    Info (12022): Found design unit 1: decoder3x8-comportamento File: C:/Users/adney/OneDrive - Insper - Institudo de Ensino e Pesquisa/Documentos/Insper/6_semestre _Insper/Design_de_Computadores/projeto1_contador/decoder3x8.vhd Line: 10
    Info (12023): Found entity 1: decoder3x8 File: C:/Users/adney/OneDrive - Insper - Institudo de Ensino e Pesquisa/Documentos/Insper/6_semestre _Insper/Design_de_Computadores/projeto1_contador/decoder3x8.vhd Line: 4
Info (12021): Found 2 design units, including 1 entities, in source file cpu.vhd
    Info (12022): Found design unit 1: CPU-arquitetura File: C:/Users/adney/OneDrive - Insper - Institudo de Ensino e Pesquisa/Documentos/Insper/6_semestre _Insper/Design_de_Computadores/projeto1_contador/CPU.vhd Line: 26
    Info (12023): Found entity 1: CPU File: C:/Users/adney/OneDrive - Insper - Institudo de Ensino e Pesquisa/Documentos/Insper/6_semestre _Insper/Design_de_Computadores/projeto1_contador/CPU.vhd Line: 4
Info (12021): Found 2 design units, including 1 entities, in source file conversorhex7seg.vhd
    Info (12022): Found design unit 1: conversorHex7Seg-comportamento File: C:/Users/adney/OneDrive - Insper - Institudo de Ensino e Pesquisa/Documentos/Insper/6_semestre _Insper/Design_de_Computadores/projeto1_contador/conversorHex7Seg.vhd Line: 17
    Info (12023): Found entity 1: conversorHex7Seg File: C:/Users/adney/OneDrive - Insper - Institudo de Ensino e Pesquisa/Documentos/Insper/6_semestre _Insper/Design_de_Computadores/projeto1_contador/conversorHex7Seg.vhd Line: 4
Info (12021): Found 2 design units, including 1 entities, in source file contador.vhd
    Info (12022): Found design unit 1: contador-arquitetura File: C:/Users/adney/OneDrive - Insper - Institudo de Ensino e Pesquisa/Documentos/Insper/6_semestre _Insper/Design_de_Computadores/projeto1_contador/contador.vhd Line: 28
    Info (12023): Found entity 1: contador File: C:/Users/adney/OneDrive - Insper - Institudo de Ensino e Pesquisa/Documentos/Insper/6_semestre _Insper/Design_de_Computadores/projeto1_contador/contador.vhd Line: 4
Info (12021): Found 2 design units, including 1 entities, in source file buffer_3_state_8portas.vhd
    Info (12022): Found design unit 1: buffer_3_state_8portas-comportamento File: C:/Users/adney/OneDrive - Insper - Institudo de Ensino e Pesquisa/Documentos/Insper/6_semestre _Insper/Design_de_Computadores/projeto1_contador/buffer_3_state_8portas.vhd Line: 11
    Info (12023): Found entity 1: buffer_3_state_8portas File: C:/Users/adney/OneDrive - Insper - Institudo de Ensino e Pesquisa/Documentos/Insper/6_semestre _Insper/Design_de_Computadores/projeto1_contador/buffer_3_state_8portas.vhd Line: 4
Info (12021): Found 2 design units, including 1 entities, in source file buffer_3_state_1portas.vhd
    Info (12022): Found design unit 1: buffer_3_state_1portas-comportamento File: C:/Users/adney/OneDrive - Insper - Institudo de Ensino e Pesquisa/Documentos/Insper/6_semestre _Insper/Design_de_Computadores/projeto1_contador/buffer_3_state_1portas.vhd Line: 11
    Info (12023): Found entity 1: buffer_3_state_1portas File: C:/Users/adney/OneDrive - Insper - Institudo de Ensino e Pesquisa/Documentos/Insper/6_semestre _Insper/Design_de_Computadores/projeto1_contador/buffer_3_state_1portas.vhd Line: 4
Info (12127): Elaborating entity "contador" for the top level hierarchy
Info (12128): Elaborating entity "registradorGenerico" for hierarchy "registradorGenerico:LEDR07" File: C:/Users/adney/OneDrive - Insper - Institudo de Ensino e Pesquisa/Documentos/Insper/6_semestre _Insper/Design_de_Computadores/projeto1_contador/contador.vhd Line: 59
Info (12128): Elaborating entity "flipflop" for hierarchy "flipflop:LED8" File: C:/Users/adney/OneDrive - Insper - Institudo de Ensino e Pesquisa/Documentos/Insper/6_semestre _Insper/Design_de_Computadores/projeto1_contador/contador.vhd Line: 69
Info (12128): Elaborating entity "HEX" for hierarchy "HEX:HEX_0" File: C:/Users/adney/OneDrive - Insper - Institudo de Ensino e Pesquisa/Documentos/Insper/6_semestre _Insper/Design_de_Computadores/projeto1_contador/contador.vhd Line: 91
Info (12128): Elaborating entity "registradorGenerico" for hierarchy "HEX:HEX_0|registradorGenerico:REG" File: C:/Users/adney/OneDrive - Insper - Institudo de Ensino e Pesquisa/Documentos/Insper/6_semestre _Insper/Design_de_Computadores/projeto1_contador/HEX.vhd Line: 20
Info (12128): Elaborating entity "conversorHex7Seg" for hierarchy "HEX:HEX_0|conversorHex7Seg:Hex7Seg" File: C:/Users/adney/OneDrive - Insper - Institudo de Ensino e Pesquisa/Documentos/Insper/6_semestre _Insper/Design_de_Computadores/projeto1_contador/HEX.vhd Line: 29
Info (12128): Elaborating entity "buffer_3_state_8portas" for hierarchy "buffer_3_state_8portas:SW07" File: C:/Users/adney/OneDrive - Insper - Institudo de Ensino e Pesquisa/Documentos/Insper/6_semestre _Insper/Design_de_Computadores/projeto1_contador/contador.vhd Line: 142
Info (12129): Elaborating entity "edgeDetector" using architecture "A:bordasubida" for hierarchy "edgeDetector:edgeDetector0" File: C:/Users/adney/OneDrive - Insper - Institudo de Ensino e Pesquisa/Documentos/Insper/6_semestre _Insper/Design_de_Computadores/projeto1_contador/contador.vhd Line: 168
Info (12128): Elaborating entity "decoder3x8" for hierarchy "decoder3x8:DECODER3X8Bloco" File: C:/Users/adney/OneDrive - Insper - Institudo de Ensino e Pesquisa/Documentos/Insper/6_semestre _Insper/Design_de_Computadores/projeto1_contador/contador.vhd Line: 246
Info (12128): Elaborating entity "memoriaROM" for hierarchy "memoriaROM:ROM1" File: C:/Users/adney/OneDrive - Insper - Institudo de Ensino e Pesquisa/Documentos/Insper/6_semestre _Insper/Design_de_Computadores/projeto1_contador/contador.vhd Line: 262
Info (12128): Elaborating entity "memoriaRAM" for hierarchy "memoriaRAM:RAM" File: C:/Users/adney/OneDrive - Insper - Institudo de Ensino e Pesquisa/Documentos/Insper/6_semestre _Insper/Design_de_Computadores/projeto1_contador/contador.vhd Line: 270
Info (12128): Elaborating entity "CPU" for hierarchy "CPU:CPU" File: C:/Users/adney/OneDrive - Insper - Institudo de Ensino e Pesquisa/Documentos/Insper/6_semestre _Insper/Design_de_Computadores/projeto1_contador/contador.vhd Line: 282
Info (12128): Elaborating entity "muxGenerico2x1" for hierarchy "CPU:CPU|muxGenerico2x1:MUX1" File: C:/Users/adney/OneDrive - Insper - Institudo de Ensino e Pesquisa/Documentos/Insper/6_semestre _Insper/Design_de_Computadores/projeto1_contador/CPU.vhd Line: 71
Info (12128): Elaborating entity "muxGenerico4x1" for hierarchy "CPU:CPU|muxGenerico4x1:MUXJMP" File: C:/Users/adney/OneDrive - Insper - Institudo de Ensino e Pesquisa/Documentos/Insper/6_semestre _Insper/Design_de_Computadores/projeto1_contador/CPU.vhd Line: 79
Info (12128): Elaborating entity "LogicaDesvio" for hierarchy "CPU:CPU|LogicaDesvio:LOGDESVIO" File: C:/Users/adney/OneDrive - Insper - Institudo de Ensino e Pesquisa/Documentos/Insper/6_semestre _Insper/Design_de_Computadores/projeto1_contador/CPU.vhd Line: 89
Info (12128): Elaborating entity "registradorGenerico" for hierarchy "CPU:CPU|registradorGenerico:REGRET" File: C:/Users/adney/OneDrive - Insper - Institudo de Ensino e Pesquisa/Documentos/Insper/6_semestre _Insper/Design_de_Computadores/projeto1_contador/CPU.vhd Line: 109
Info (12128): Elaborating entity "registradorFlag" for hierarchy "CPU:CPU|registradorFlag:REGFLAG" File: C:/Users/adney/OneDrive - Insper - Institudo de Ensino e Pesquisa/Documentos/Insper/6_semestre _Insper/Design_de_Computadores/projeto1_contador/CPU.vhd Line: 119
Info (12128): Elaborating entity "somaConstante" for hierarchy "CPU:CPU|somaConstante:incrementaPC" File: C:/Users/adney/OneDrive - Insper - Institudo de Ensino e Pesquisa/Documentos/Insper/6_semestre _Insper/Design_de_Computadores/projeto1_contador/CPU.vhd Line: 139
Info (12128): Elaborating entity "ULASomaSubPassa" for hierarchy "CPU:CPU|ULASomaSubPassa:ULA1" File: C:/Users/adney/OneDrive - Insper - Institudo de Ensino e Pesquisa/Documentos/Insper/6_semestre _Insper/Design_de_Computadores/projeto1_contador/CPU.vhd Line: 146
Info (12128): Elaborating entity "decoderInstru" for hierarchy "CPU:CPU|decoderInstru:DECODER" File: C:/Users/adney/OneDrive - Insper - Institudo de Ensino e Pesquisa/Documentos/Insper/6_semestre _Insper/Design_de_Computadores/projeto1_contador/CPU.vhd Line: 155
Info (276014): Found 1 instances of uninferred RAM logic
    Info (276007): RAM logic "memoriaRAM:RAM|ram" is uninferred due to asynchronous read logic File: C:/Users/adney/OneDrive - Insper - Institudo de Ensino e Pesquisa/Documentos/Insper/6_semestre _Insper/Design_de_Computadores/projeto1_contador/memoriaRAM.vhd Line: 27
Warning (13046): Tri-state node(s) do not directly drive top-level pin(s)
    Warning (13048): Converted tri-state node "Data_IN[7]" into a selector File: C:/Users/adney/OneDrive - Insper - Institudo de Ensino e Pesquisa/Documentos/Insper/6_semestre _Insper/Design_de_Computadores/projeto1_contador/muxGenerico2x1.vhd Line: 10
    Warning (13048): Converted tri-state node "Data_IN[6]" into a selector File: C:/Users/adney/OneDrive - Insper - Institudo de Ensino e Pesquisa/Documentos/Insper/6_semestre _Insper/Design_de_Computadores/projeto1_contador/muxGenerico2x1.vhd Line: 10
    Warning (13048): Converted tri-state node "Data_IN[5]" into a selector File: C:/Users/adney/OneDrive - Insper - Institudo de Ensino e Pesquisa/Documentos/Insper/6_semestre _Insper/Design_de_Computadores/projeto1_contador/muxGenerico2x1.vhd Line: 10
    Warning (13048): Converted tri-state node "Data_IN[4]" into a selector File: C:/Users/adney/OneDrive - Insper - Institudo de Ensino e Pesquisa/Documentos/Insper/6_semestre _Insper/Design_de_Computadores/projeto1_contador/muxGenerico2x1.vhd Line: 10
    Warning (13048): Converted tri-state node "Data_IN[3]" into a selector File: C:/Users/adney/OneDrive - Insper - Institudo de Ensino e Pesquisa/Documentos/Insper/6_semestre _Insper/Design_de_Computadores/projeto1_contador/muxGenerico2x1.vhd Line: 10
    Warning (13048): Converted tri-state node "Data_IN[2]" into a selector File: C:/Users/adney/OneDrive - Insper - Institudo de Ensino e Pesquisa/Documentos/Insper/6_semestre _Insper/Design_de_Computadores/projeto1_contador/muxGenerico2x1.vhd Line: 10
    Warning (13048): Converted tri-state node "Data_IN[1]" into a selector File: C:/Users/adney/OneDrive - Insper - Institudo de Ensino e Pesquisa/Documentos/Insper/6_semestre _Insper/Design_de_Computadores/projeto1_contador/muxGenerico2x1.vhd Line: 10
    Warning (13048): Converted tri-state node "Data_IN[0]" into a selector File: C:/Users/adney/OneDrive - Insper - Institudo de Ensino e Pesquisa/Documentos/Insper/6_semestre _Insper/Design_de_Computadores/projeto1_contador/muxGenerico2x1.vhd Line: 10
Info (286030): Timing-Driven Synthesis is running
Info (16010): Generating hard_block partition "hard_block:auto_generated_inst"
    Info (16011): Adding 0 node(s), including 0 DDIO, 0 PLL, 0 transceiver and 0 LCELL
Info (21057): Implemented 1112 device resources after synthesis - the final resource count might be different
    Info (21058): Implemented 16 input pins
    Info (21059): Implemented 52 output pins
    Info (21061): Implemented 1044 logic cells
Info: Quartus Prime Analysis & Synthesis was successful. 0 errors, 10 warnings
    Info: Peak virtual memory: 4853 megabytes
    Info: Processing ended: Sat Apr 22 18:28:45 2023
    Info: Elapsed time: 00:00:21
    Info: Total CPU time (on all processors): 00:00:33


