------------------------------------------------------------
Timing Analyzer Summary
------------------------------------------------------------

Type  : Slow 1100mV 85C Model Setup 'CLOCK_50'
Slack : -9.231
TNS   : -3997.305

Type  : Slow 1100mV 85C Model Hold 'CLOCK_50'
Slack : 0.459
TNS   : 0.000

Type  : Slow 1100mV 85C Model Recovery 'KEY[0]'
Slack : -4.095
TNS   : -4.095

Type  : Slow 1100mV 85C Model Recovery 'KEY[1]'
Slack : -3.957
TNS   : -3.957

Type  : Slow 1100mV 85C Model Removal 'KEY[1]'
Slack : 1.001
TNS   : 0.000

Type  : Slow 1100mV 85C Model Removal 'KEY[0]'
Slack : 1.158
TNS   : 0.000

Type  : Slow 1100mV 85C Model Minimum Pulse Width 'KEY[0]'
Slack : -0.561
TNS   : -1.225

Type  : Slow 1100mV 85C Model Minimum Pulse Width 'CLOCK_50'
Slack : -0.538
TNS   : -519.445

Type  : Slow 1100mV 85C Model Minimum Pulse Width 'KEY[1]'
Slack : -0.538
TNS   : -0.951

Type  : Slow 1100mV 0C Model Setup 'CLOCK_50'
Slack : -9.349
TNS   : -3914.459

Type  : Slow 1100mV 0C Model Hold 'CLOCK_50'
Slack : 0.488
TNS   : 0.000

Type  : Slow 1100mV 0C Model Recovery 'KEY[0]'
Slack : -4.377
TNS   : -4.377

Type  : Slow 1100mV 0C Model Recovery 'KEY[1]'
Slack : -4.217
TNS   : -4.217

Type  : Slow 1100mV 0C Model Removal 'KEY[1]'
Slack : 1.121
TNS   : 0.000

Type  : Slow 1100mV 0C Model Removal 'KEY[0]'
Slack : 1.272
TNS   : 0.000

Type  : Slow 1100mV 0C Model Minimum Pulse Width 'KEY[0]'
Slack : -0.573
TNS   : -1.261

Type  : Slow 1100mV 0C Model Minimum Pulse Width 'CLOCK_50'
Slack : -0.538
TNS   : -460.028

Type  : Slow 1100mV 0C Model Minimum Pulse Width 'KEY[1]'
Slack : -0.538
TNS   : -0.978

Type  : Fast 1100mV 85C Model Setup 'CLOCK_50'
Slack : -4.124
TNS   : -1808.936

Type  : Fast 1100mV 85C Model Hold 'CLOCK_50'
Slack : 0.181
TNS   : 0.000

Type  : Fast 1100mV 85C Model Recovery 'KEY[0]'
Slack : -1.586
TNS   : -1.586

Type  : Fast 1100mV 85C Model Recovery 'KEY[1]'
Slack : -1.487
TNS   : -1.487

Type  : Fast 1100mV 85C Model Removal 'KEY[1]'
Slack : 0.245
TNS   : 0.000

Type  : Fast 1100mV 85C Model Removal 'KEY[0]'
Slack : 0.351
TNS   : 0.000

Type  : Fast 1100mV 85C Model Minimum Pulse Width 'KEY[0]'
Slack : -0.587
TNS   : -1.729

Type  : Fast 1100mV 85C Model Minimum Pulse Width 'KEY[1]'
Slack : -0.539
TNS   : -1.526

Type  : Fast 1100mV 85C Model Minimum Pulse Width 'CLOCK_50'
Slack : -0.409
TNS   : -266.813

Type  : Fast 1100mV 0C Model Setup 'CLOCK_50'
Slack : -3.689
TNS   : -1550.930

Type  : Fast 1100mV 0C Model Hold 'CLOCK_50'
Slack : 0.171
TNS   : 0.000

Type  : Fast 1100mV 0C Model Recovery 'KEY[0]'
Slack : -1.373
TNS   : -1.373

Type  : Fast 1100mV 0C Model Recovery 'KEY[1]'
Slack : -1.263
TNS   : -1.263

Type  : Fast 1100mV 0C Model Removal 'KEY[1]'
Slack : 0.181
TNS   : 0.000

Type  : Fast 1100mV 0C Model Removal 'KEY[0]'
Slack : 0.299
TNS   : 0.000

Type  : Fast 1100mV 0C Model Minimum Pulse Width 'KEY[0]'
Slack : -0.627
TNS   : -1.915

Type  : Fast 1100mV 0C Model Minimum Pulse Width 'KEY[1]'
Slack : -0.589
TNS   : -1.750

Type  : Fast 1100mV 0C Model Minimum Pulse Width 'CLOCK_50'
Slack : -0.446
TNS   : -318.004

------------------------------------------------------------
