------------------------------------------------------------
Timing Analyzer Summary
------------------------------------------------------------

Type  : Slow 1100mV 85C Model Setup 'CLOCK_50'
Slack : -9.463
TNS   : -3996.160

Type  : Slow 1100mV 85C Model Hold 'CLOCK_50'
Slack : 0.467
TNS   : 0.000

Type  : Slow 1100mV 85C Model Recovery 'KEY[0]'
Slack : -4.664
TNS   : -4.664

Type  : Slow 1100mV 85C Model Recovery 'KEY[1]'
Slack : -4.388
TNS   : -4.388

Type  : Slow 1100mV 85C Model Removal 'KEY[1]'
Slack : 0.758
TNS   : 0.000

Type  : Slow 1100mV 85C Model Removal 'KEY[0]'
Slack : 1.118
TNS   : 0.000

Type  : Slow 1100mV 85C Model Minimum Pulse Width 'CLOCK_50'
Slack : -0.538
TNS   : -514.660

Type  : Slow 1100mV 85C Model Minimum Pulse Width 'KEY[1]'
Slack : -0.538
TNS   : -0.881

Type  : Slow 1100mV 85C Model Minimum Pulse Width 'KEY[0]'
Slack : -0.538
TNS   : -0.842

Type  : Slow 1100mV 0C Model Setup 'CLOCK_50'
Slack : -9.665
TNS   : -3889.367

Type  : Slow 1100mV 0C Model Hold 'CLOCK_50'
Slack : 0.503
TNS   : 0.000

Type  : Slow 1100mV 0C Model Recovery 'KEY[0]'
Slack : -4.908
TNS   : -4.908

Type  : Slow 1100mV 0C Model Recovery 'KEY[1]'
Slack : -4.581
TNS   : -4.581

Type  : Slow 1100mV 0C Model Removal 'KEY[1]'
Slack : 0.984
TNS   : 0.000

Type  : Slow 1100mV 0C Model Removal 'KEY[0]'
Slack : 1.428
TNS   : 0.000

Type  : Slow 1100mV 0C Model Minimum Pulse Width 'CLOCK_50'
Slack : -0.538
TNS   : -458.464

Type  : Slow 1100mV 0C Model Minimum Pulse Width 'KEY[1]'
Slack : -0.538
TNS   : -0.911

Type  : Slow 1100mV 0C Model Minimum Pulse Width 'KEY[0]'
Slack : -0.538
TNS   : -0.817

Type  : Fast 1100mV 85C Model Setup 'CLOCK_50'
Slack : -4.334
TNS   : -1799.027

Type  : Fast 1100mV 85C Model Hold 'CLOCK_50'
Slack : 0.183
TNS   : 0.000

Type  : Fast 1100mV 85C Model Recovery 'KEY[0]'
Slack : -1.844
TNS   : -1.844

Type  : Fast 1100mV 85C Model Recovery 'KEY[1]'
Slack : -1.621
TNS   : -1.621

Type  : Fast 1100mV 85C Model Removal 'KEY[1]'
Slack : -0.046
TNS   : -0.046

Type  : Fast 1100mV 85C Model Removal 'KEY[0]'
Slack : 0.241
TNS   : 0.000

Type  : Fast 1100mV 85C Model Minimum Pulse Width 'KEY[1]'
Slack : -0.423
TNS   : -1.311

Type  : Fast 1100mV 85C Model Minimum Pulse Width 'CLOCK_50'
Slack : -0.409
TNS   : -262.133

Type  : Fast 1100mV 85C Model Minimum Pulse Width 'KEY[0]'
Slack : -0.363
TNS   : -1.059

Type  : Fast 1100mV 0C Model Setup 'CLOCK_50'
Slack : -3.884
TNS   : -1537.067

Type  : Fast 1100mV 0C Model Hold 'CLOCK_50'
Slack : 0.174
TNS   : 0.000

Type  : Fast 1100mV 0C Model Recovery 'KEY[0]'
Slack : -1.640
TNS   : -1.640

Type  : Fast 1100mV 0C Model Recovery 'KEY[1]'
Slack : -1.415
TNS   : -1.415

Type  : Fast 1100mV 0C Model Removal 'KEY[1]'
Slack : -0.051
TNS   : -0.051

Type  : Fast 1100mV 0C Model Removal 'KEY[0]'
Slack : 0.234
TNS   : 0.000

Type  : Fast 1100mV 0C Model Minimum Pulse Width 'KEY[1]'
Slack : -0.499
TNS   : -1.569

Type  : Fast 1100mV 0C Model Minimum Pulse Width 'CLOCK_50'
Slack : -0.446
TNS   : -314.681

Type  : Fast 1100mV 0C Model Minimum Pulse Width 'KEY[0]'
Slack : -0.418
TNS   : -1.307

------------------------------------------------------------
